// Jest Snapshot v1, https://goo.gl/fbAQLP

exports[`Card tests renders correctly 1`] = `
<button
  className="asdsad"
  onClick={[Function]}
>
  More
</button>
`;
